// Jest Snapshot v1, https://goo.gl/fbAQLP

exports[`App should match with previous snapshot 1`] = `<DocumentFragment />`;
